// Jest Snapshot v1, https://goo.gl/fbAQLP

exports[`ChatMessage component should: render ChatMessage component 1`] = `ReactWrapper {}`;
