// Jest Snapshot v1, https://goo.gl/fbAQLP

exports[`ChatHeader component should: render ChatHeader component 1`] = `ShallowWrapper {}`;
