// Jest Snapshot v1, https://goo.gl/fbAQLP

exports[`Input component should: render Input component 1`] = `ShallowWrapper {}`;
